{
  "benchmark": "cpu_single",
  "workload": {
    "numbers_tested": 11999998
  },
  "results": {
    "primes_found": 788060,
    "elapsed_seconds": 214.53
  },
  "system": {
    "hostname": "condor-node01",
    "arch": "x86_64",
    "kernel": "5.14.0-611.47.1.el9_7.x86_64",
    "architecture": "x86_64",
    "cpu_op-modes": "32-bit, 64-bit",
    "address_sizes": "39 bits physical, 48 bits virtual",
    "byte_order": "Little Endian",
    "cpus": "4",
    "on-line_cpus_list": "0-3",
    "vendor_id": "GenuineIntel",
    "model_name": "Intel(R) Core(TM) i5-6500 CPU @ 3.20GHz",
    "cpu_family": "6",
    "model": "94",
    "threads_per_core": "1",
    "cores_per_socket": "4",
    "sockets": "1",
    "stepping": "3",
    "cpus_scaling_mhz": "92%",
    "cpu_max_mhz": "3600.0000",
    "cpu_min_mhz": "800.0000",
    "bogomips": "6399.96",
    "flags": "fpu vme de pse tsc msr pae mce cx8 apic sep mtrr pge mca cmov pat pse36 clflush dts acpi mmx fxsr sse sse2 ss ht tm pbe syscall nx pdpe1gb rdtscp lm constant_tsc art arch_perfmon pebs bts rep_good nopl xtopology nonstop_tsc cpuid aperfmperf pni pclmulqdq dtes64 monitor ds_cpl vmx smx est tm2 ssse3 sdbg fma cx16 xtpr pdcm pcid sse4_1 sse4_2 x2apic movbe popcnt tsc_deadline_timer aes xsave avx f16c rdrand lahf_lm abm 3dnowprefetch cpuid_fault epb pti ssbd ibrs ibpb stibp tpr_shadow flexpriority ept vpid ept_ad fsgsbase tsc_adjust bmi1 avx2 smep bmi2 erms invpcid mpx rdseed adx smap clflushopt intel_pt xsaveopt xsavec xgetbv1 xsaves dtherm ida arat pln pts hwp hwp_notify hwp_act_window hwp_epp vnmi md_clear flush_l1d arch_capabilities",
    "virtualization": "VT-x",
    "l1d_cache": "128 KiB (4 instances)",
    "l1i_cache": "128 KiB (4 instances)",
    "l2_cache": "1 MiB (4 instances)",
    "l3_cache": "6 MiB (1 instance)",
    "numa_nodes": "1",
    "numa_node0_cpus": "0-3",
    "vulnerability_gather_data_sampling": "Vulnerable: No microcode",
    "vulnerability_indirect_target_selection": "Not affected",
    "vulnerability_itlb_multihit": "KVM: Mitigation: Split huge pages",
    "vulnerability_l1tf": "Mitigation; PTE Inversion; VMX conditional cache flushes, SMT disabled",
    "vulnerability_mds": "Mitigation; Clear CPU buffers; SMT disabled",
    "vulnerability_meltdown": "Mitigation; PTI",
    "vulnerability_mmio_stale_data": "Mitigation; Clear CPU buffers; SMT disabled",
    "vulnerability_reg_file_data_sampling": "Not affected",
    "vulnerability_retbleed": "Mitigation; IBRS",
    "vulnerability_spec_rstack_overflow": "Not affected",
    "vulnerability_spec_store_bypass": "Mitigation; Speculative Store Bypass disabled via prctl",
    "vulnerability_spectre_v1": "Mitigation; usercopy/swapgs barriers and __user pointer sanitization",
    "vulnerability_spectre_v2": "Mitigation; IBRS; IBPB conditional; STIBP disabled; RSB filling; PBRSB-eIBRS Not affected; BHI Not affected",
    "vulnerability_srbds": "Mitigation; Microcode",
    "vulnerability_tsa": "Not affected",
    "vulnerability_tsx_async_abort": "Mitigation; TSX disabled",
    "vulnerability_vmscape": "Mitigation; IBPB before exit to userspace"
  }
}
