{
  "benchmark": "cpu_single",
  "workload": {
    "numbers_tested": 11999998
  },
  "results": {
    "primes_found": 788060,
    "elapsed_seconds": 207.49
  },
  "system": {
    "hostname": "slurm01",
    "arch": "x86_64",
    "kernel": "5.14.0-611.54.1.el9_7.x86_64",
    "architecture": "x86_64",
    "cpu_op-modes": "32-bit, 64-bit",
    "address_sizes": "46 bits physical, 48 bits virtual",
    "byte_order": "Little Endian",
    "cpus": "12",
    "on-line_cpus_list": "0-11",
    "vendor_id": "GenuineIntel",
    "model_name": "Intel(R) Core(TM) i7-6800K CPU @ 3.40GHz",
    "cpu_family": "6",
    "model": "79",
    "threads_per_core": "2",
    "cores_per_socket": "6",
    "sockets": "1",
    "stepping": "1",
    "cpus_scaling_mhz": "98%",
    "cpu_max_mhz": "3900.0000",
    "cpu_min_mhz": "1200.0000",
    "bogomips": "6784.33",
    "flags": "fpu vme de pse tsc msr pae mce cx8 apic sep mtrr pge mca cmov pat pse36 clflush dts acpi mmx fxsr sse sse2 ss ht tm pbe syscall nx pdpe1gb rdtscp lm constant_tsc arch_perfmon pebs bts rep_good nopl xtopology nonstop_tsc cpuid aperfmperf pni pclmulqdq dtes64 monitor ds_cpl vmx est tm2 ssse3 sdbg fma cx16 xtpr pdcm pcid dca sse4_1 sse4_2 x2apic movbe popcnt aes xsave avx f16c rdrand lahf_lm abm 3dnowprefetch cpuid_fault cat_l3 cdp_l3 pti intel_ppin tpr_shadow flexpriority ept vpid ept_ad fsgsbase tsc_adjust bmi1 hle avx2 smep bmi2 erms invpcid rtm cqm rdt_a rdseed adx smap intel_pt xsaveopt cqm_llc cqm_occup_llc cqm_mbm_total cqm_mbm_local dtherm ida arat pln pts vnmi",
    "virtualization": "VT-x",
    "l1d_cache": "192 KiB (6 instances)",
    "l1i_cache": "192 KiB (6 instances)",
    "l2_cache": "1.5 MiB (6 instances)",
    "l3_cache": "15 MiB (1 instance)",
    "numa_nodes": "1",
    "numa_node0_cpus": "0-11",
    "vulnerability_gather_data_sampling": "Not affected",
    "vulnerability_indirect_target_selection": "Not affected",
    "vulnerability_itlb_multihit": "KVM: Mitigation: Split huge pages",
    "vulnerability_l1tf": "Mitigation; PTE Inversion; VMX conditional cache flushes, SMT vulnerable",
    "vulnerability_mds": "Vulnerable: Clear CPU buffers attempted, no microcode; SMT vulnerable",
    "vulnerability_meltdown": "Mitigation; PTI",
    "vulnerability_mmio_stale_data": "Vulnerable: Clear CPU buffers attempted, no microcode; SMT vulnerable",
    "vulnerability_reg_file_data_sampling": "Not affected",
    "vulnerability_retbleed": "Not affected",
    "vulnerability_spec_rstack_overflow": "Not affected",
    "vulnerability_spec_store_bypass": "Vulnerable",
    "vulnerability_spectre_v1": "Mitigation; usercopy/swapgs barriers and __user pointer sanitization",
    "vulnerability_spectre_v2": "Mitigation; Retpolines; STIBP disabled; RSB filling; PBRSB-eIBRS Not affected; BHI Not affected",
    "vulnerability_srbds": "Not affected",
    "vulnerability_tsa": "Not affected",
    "vulnerability_tsx_async_abort": "Vulnerable: Clear CPU buffers attempted, no microcode; SMT vulnerable",
    "vulnerability_vmscape": "Vulnerable"
  }
}
